# Broad catches (rule 79) awaiting their fix. One entry per line:
# <path>: <the line's code, trimmed>. Each is contract debt owned by the
# error-meaning deliverable in TODO.md: its fix either propagates the
# error or marks a genuine best-effort site with a `// best-effort:`
# reason, and deletes the line here. A new broad catch fails the gate.
src/domain/meklab.zig: const gyro: u32 = (std.math.divCeil(u32, rating, 100) catch 1) * 2;
src/domain/part.zig: return @max(1, std.math.divCeil(u32, heads * days, provisions_person_days_per_ton) catch 1);
src/main.zig: printLines(al, q.hqCompanies(al, gs, row.id) catch continue, "    ") catch |err| showError(err);
src/main.zig: printLines(al, q.readinessLines(al, gs, r.company) catch continue, "  ") catch |err| showError(err);
src/main.zig: const d = q.desk(al, gs, 0) catch return 0;
src/main.zig: for (try q.hqList(al, gs)) |h| printLines(al, q.bays(al, gs, h.id) catch continue, "") catch |err| showError(err);
src/main.zig: for (try q.hqList(al, gs)) |h| printLines(al, q.projects(al, gs, h.id) catch continue, "") catch |err| showError(err);
src/main.zig: for (q.backOffice(al, gs, h.id) catch continue) |row| {
src/main.zig: const site: ?game.types.Site = if (tokens.next()) |tok| (game.cli.parseSite(tok) catch null) else null;
src/main.zig: const idx = std.fmt.parseInt(usize, tokens.next() orelse "0", 10) catch 0;
src/main.zig: const id: game.types.BattleId = @enumFromInt(std.fmt.parseInt(u32, tok, 10) catch 0);
src/main.zig: filter = .{ .contract = @enumFromInt(std.fmt.parseInt(u32, tok[9..], 10) catch 0) };
src/main.zig: const uid = std.fmt.parseInt(u32, tokens.next() orelse "", 10) catch 0;
src/main.zig: const site = game.cli.parseSite(tokens.next() orelse "") catch null;
src/main.zig: .accept_contract => std.debug.print("{s}\n", .{(q.acceptedLine(al, gs) catch null) orelse "under contract"}),
src/main.zig: .hire, .hire_candidate, .recruit => std.debug.print("hired {s}\n", .{(q.personLine(al, gs, r.hired) catch null) orelse "—"}),
src/main.zig: .order_part => std.debug.print("{s}\n", .{(q.lastOrderLine(al, gs) catch null) orelse "ordered"}),
src/main.zig: .strip_unit => std.debug.print("{s}\n", .{q.stripMarks(al, (q.lastLogLine(al, gs) catch null) orelse "stripped") catch "stripped"}),
src/persist/store.zig: const name = st.text(1, fba.allocator()) catch continue;
src/persist/store.zig: const name = st.text(1, fba.allocator()) catch continue;
src/sim/checklist.zig: const mounts = @import("field_supply.zig").munitionMounts(arena.allocator(), gs, company, false) catch return false;
src/sim/commands.zig: .duration_days = @max(1, std.math.divCeil(u32, hours, 8) catch 1),
src/sim/commands.zig: u.chassis_key, @tagName(class), hours, @max(1, std.math.divCeil(u32, hours, 8) catch 1), try hq_ops.repairOddsText(gs.allocator(), gs, hq_id, unit_id),
src/sim/field_supply.zig: const floor_battles: u32 = 1 + (std.math.divCeil(u32, transit_days, days_per_battle) catch 0);
src/sim/field_supply.zig: return std.math.divCeil(u32, mounts, mounts_per_ammo_ton) catch 0;
src/sim/queries.zig: const plan = commands.planLift(gs, company, false) catch return "";
src/sim/rating.zig: const plan = commands.planLift(gs, f.id, false) catch continue;
src/sim/state.zig: self.assignSlot(u.id, .pilot, p.id) catch continue;
src/sim/treasury.zig: const lines = stripParts(fba.allocator(), u) catch return 0;
src/sim/tick.zig: const moved = (commands.execute(gs, .{ .trim_stock = sp.company }) catch Result{}).tons_moved;
src/tui/app.zig: const hqs = q.hqList(self.a(), g) catch return 0;
src/tui/music.zig: var sd = std.Io.Dir.cwd().openDir(self.io, sub_path, .{ .iterate = true }) catch continue;
src/tui/music.zig: const full = std.fmt.bufPrintZ(&buf, "{s}/{s}", .{ dir, cmd }) catch continue;
src/tui/paths.zig: var dir = std.Io.Dir.cwd().openDir(io, path, .{}) catch return false;
src/tui/paths.zig: return resolveFailing(io, al, env, override) catch .{};
src/tui/paths.zig: const exe_dir: ?[]const u8 = std.process.executableDirPathAlloc(io, al) catch null;
src/tui/paths.zig: const dir = (userDataDir(al, env) catch null) orelse return al.dupeZ(u8, store_name);
src/tui/term.zig: const n = posix.poll(&fds, timeout_ms) catch return false;
src/tui/term.zig: const got = posix.read(self.in_fd, &self.pending) catch return false;
src/tui/term.zig: self.out.writeAll(query) catch return 0;
src/tui/term.zig: self.out.flush() catch return 0;
